Archive member included because of file (symbol)

/usr/local/CrossPack-AVR-20120217/lib/gcc/avr/4.5.1/avr25/libgcc.a(_mulhi3.o)
                              geiger.o (__mulhi3)
/usr/local/CrossPack-AVR-20120217/lib/gcc/avr/4.5.1/avr25/libgcc.a(_mulsi3.o)
                              geiger.o (__mulsi3)
/usr/local/CrossPack-AVR-20120217/lib/gcc/avr/4.5.1/avr25/libgcc.a(_udivmodsi4.o)
                              geiger.o (__udivmodsi4)
/usr/local/CrossPack-AVR-20120217/lib/gcc/avr/4.5.1/avr25/libgcc.a(_exit.o)
                              /usr/local/CrossPack-AVR-20120217/lib/gcc/avr/4.5.1/../../../../avr/lib/avr25/crttn2313.o (exit)
/usr/local/CrossPack-AVR-20120217/lib/gcc/avr/4.5.1/avr25/libgcc.a(_copy_data.o)
                              geiger.o (__do_copy_data)
/usr/local/CrossPack-AVR-20120217/lib/gcc/avr/4.5.1/avr25/libgcc.a(_clear_bss.o)
                              geiger.o (__do_clear_bss)
/usr/local/CrossPack-AVR-20120217/lib/gcc/avr/4.5.1/avr25/libgcc.a(_fixunssfsi.o)
                              geiger.o (__fixunssfsi)
/usr/local/CrossPack-AVR-20120217/lib/gcc/avr/4.5.1/avr25/libgcc.a(_addsub_sf.o)
                              /usr/local/CrossPack-AVR-20120217/lib/gcc/avr/4.5.1/avr25/libgcc.a(_fixunssfsi.o) (__subsf3)
/usr/local/CrossPack-AVR-20120217/lib/gcc/avr/4.5.1/avr25/libgcc.a(_ge_sf.o)
                              /usr/local/CrossPack-AVR-20120217/lib/gcc/avr/4.5.1/avr25/libgcc.a(_fixunssfsi.o) (__gesf2)
/usr/local/CrossPack-AVR-20120217/lib/gcc/avr/4.5.1/avr25/libgcc.a(_sf_to_si.o)
                              /usr/local/CrossPack-AVR-20120217/lib/gcc/avr/4.5.1/avr25/libgcc.a(_fixunssfsi.o) (__fixsfsi)
/usr/local/CrossPack-AVR-20120217/lib/gcc/avr/4.5.1/avr25/libgcc.a(_thenan_sf.o)
                              /usr/local/CrossPack-AVR-20120217/lib/gcc/avr/4.5.1/avr25/libgcc.a(_addsub_sf.o) (__thenan_sf)
/usr/local/CrossPack-AVR-20120217/lib/gcc/avr/4.5.1/avr25/libgcc.a(_prologue.o)
                              /usr/local/CrossPack-AVR-20120217/lib/gcc/avr/4.5.1/avr25/libgcc.a(_addsub_sf.o) (__prologue_saves__)
/usr/local/CrossPack-AVR-20120217/lib/gcc/avr/4.5.1/avr25/libgcc.a(_epilogue.o)
                              /usr/local/CrossPack-AVR-20120217/lib/gcc/avr/4.5.1/avr25/libgcc.a(_addsub_sf.o) (__epilogue_restores__)
/usr/local/CrossPack-AVR-20120217/lib/gcc/avr/4.5.1/avr25/libgcc.a(_pack_sf.o)
                              /usr/local/CrossPack-AVR-20120217/lib/gcc/avr/4.5.1/avr25/libgcc.a(_addsub_sf.o) (__pack_f)
/usr/local/CrossPack-AVR-20120217/lib/gcc/avr/4.5.1/avr25/libgcc.a(_unpack_sf.o)
                              /usr/local/CrossPack-AVR-20120217/lib/gcc/avr/4.5.1/avr25/libgcc.a(_addsub_sf.o) (__unpack_f)
/usr/local/CrossPack-AVR-20120217/lib/gcc/avr/4.5.1/avr25/libgcc.a(_fpcmp_parts_sf.o)
                              /usr/local/CrossPack-AVR-20120217/lib/gcc/avr/4.5.1/avr25/libgcc.a(_ge_sf.o) (__fpcmp_parts_f)
/usr/local/CrossPack-AVR-20120217/lib/gcc/avr/4.5.1/../../../../avr/lib/avr25/libc.a(ultoa.o)
                              geiger.o (ultoa)
/usr/local/CrossPack-AVR-20120217/lib/gcc/avr/4.5.1/../../../../avr/lib/avr25/libc.a(utoa.o)
                              geiger.o (utoa)
/usr/local/CrossPack-AVR-20120217/lib/gcc/avr/4.5.1/../../../../avr/lib/avr25/libc.a(strrev.o)
                              /usr/local/CrossPack-AVR-20120217/lib/gcc/avr/4.5.1/../../../../avr/lib/avr25/libc.a(ultoa.o) (strrev)
/usr/local/CrossPack-AVR-20120217/lib/gcc/avr/4.5.1/avr25/libgcc.a(_udivmodhi4.o)
                              /usr/local/CrossPack-AVR-20120217/lib/gcc/avr/4.5.1/../../../../avr/lib/avr25/libc.a(utoa.o) (__udivmodhi4)

Allocating common symbols
Common symbol       size              file

serbuf              0xb               geiger.o
eventflag           0x1               geiger.o
fastcpm             0x2               geiger.o
overflow            0x1               geiger.o
nobeep              0x1               geiger.o
mode                0x1               geiger.o
buffer              0x3c              geiger.o
idx                 0x1               geiger.o
tick                0x1               geiger.o
count               0x2               geiger.o
slowcpm             0x2               geiger.o
cps                 0x2               geiger.o

Memory Configuration

Name             Origin             Length             Attributes
text             0x00000000         0x00002000         xr
data             0x00800060         0x0000ffa0         rw !x
eeprom           0x00810000         0x00010000         rw !x
fuse             0x00820000         0x00000400         rw !x
lock             0x00830000         0x00000400         rw !x
signature        0x00840000         0x00000400         rw !x
*default*        0x00000000         0xffffffff

Linker script and memory map

LOAD /usr/local/CrossPack-AVR-20120217/lib/gcc/avr/4.5.1/../../../../avr/lib/avr25/crttn2313.o
LOAD geiger.o
LOAD /usr/local/CrossPack-AVR-20120217/lib/gcc/avr/4.5.1/avr25/libgcc.a
LOAD /usr/local/CrossPack-AVR-20120217/lib/gcc/avr/4.5.1/../../../../avr/lib/avr25/libc.a
LOAD /usr/local/CrossPack-AVR-20120217/lib/gcc/avr/4.5.1/avr25/libgcc.a

.hash
 *(.hash)

.dynsym
 *(.dynsym)

.dynstr
 *(.dynstr)

.gnu.version
 *(.gnu.version)

.gnu.version_d
 *(.gnu.version_d)

.gnu.version_r
 *(.gnu.version_r)

.rel.init
 *(.rel.init)

.rela.init
 *(.rela.init)

.rel.text
 *(.rel.text)
 *(.rel.text.*)
 *(.rel.gnu.linkonce.t*)

.rela.text
 *(.rela.text)
 *(.rela.text.*)
 *(.rela.gnu.linkonce.t*)

.rel.fini
 *(.rel.fini)

.rela.fini
 *(.rela.fini)

.rel.rodata
 *(.rel.rodata)
 *(.rel.rodata.*)
 *(.rel.gnu.linkonce.r*)

.rela.rodata
 *(.rela.rodata)
 *(.rela.rodata.*)
 *(.rela.gnu.linkonce.r*)

.rel.data
 *(.rel.data)
 *(.rel.data.*)
 *(.rel.gnu.linkonce.d*)

.rela.data
 *(.rela.data)
 *(.rela.data.*)
 *(.rela.gnu.linkonce.d*)

.rel.ctors
 *(.rel.ctors)

.rela.ctors
 *(.rela.ctors)

.rel.dtors
 *(.rel.dtors)

.rela.dtors
 *(.rela.dtors)

.rel.got
 *(.rel.got)

.rela.got
 *(.rela.got)

.rel.bss
 *(.rel.bss)

.rela.bss
 *(.rela.bss)

.rel.plt
 *(.rel.plt)

.rela.plt
 *(.rela.plt)

.text           0x00000000      0xf34
 *(.vectors)
 .vectors       0x00000000       0x26 /usr/local/CrossPack-AVR-20120217/lib/gcc/avr/4.5.1/../../../../avr/lib/avr25/crttn2313.o
                0x00000000                __vectors
                0x00000000                __vector_default
 *(.vectors)
 *(.progmem.gcc*)
 *(.progmem*)
 .progmem.data  0x00000026       0x7e geiger.o
                0x000000a4                . = ALIGN (0x2)
                0x000000a4                __trampolines_start = .
 *(.trampolines)
 .trampolines   0x000000a4        0x0 linker stubs
 *(.trampolines*)
                0x000000a4                __trampolines_end = .
 *(.jumptables)
 *(.jumptables*)
 *(.lowtext)
 *(.lowtext*)
                0x000000a4                __ctors_start = .
 *(.ctors)
                0x000000a4                __ctors_end = .
                0x000000a4                __dtors_start = .
 *(.dtors)
                0x000000a4                __dtors_end = .
 SORT(*)(.ctors)
 SORT(*)(.dtors)
 *(.init0)
 .init0         0x000000a4        0x0 /usr/local/CrossPack-AVR-20120217/lib/gcc/avr/4.5.1/../../../../avr/lib/avr25/crttn2313.o
                0x000000a4                __init
 *(.init0)
 *(.init1)
 *(.init1)
 *(.init2)
 .init2         0x000000a4        0x8 /usr/local/CrossPack-AVR-20120217/lib/gcc/avr/4.5.1/../../../../avr/lib/avr25/crttn2313.o
 *(.init2)
 *(.init3)
 *(.init3)
 *(.init4)
 .init4         0x000000ac       0x16 /usr/local/CrossPack-AVR-20120217/lib/gcc/avr/4.5.1/avr25/libgcc.a(_copy_data.o)
                0x000000ac                __do_copy_data
 .init4         0x000000c2       0x10 /usr/local/CrossPack-AVR-20120217/lib/gcc/avr/4.5.1/avr25/libgcc.a(_clear_bss.o)
                0x000000c2                __do_clear_bss
 *(.init4)
 *(.init5)
 *(.init5)
 *(.init6)
 *(.init6)
 *(.init7)
 *(.init7)
 *(.init8)
 *(.init8)
 *(.init9)
 .init9         0x000000d2        0x4 /usr/local/CrossPack-AVR-20120217/lib/gcc/avr/4.5.1/../../../../avr/lib/avr25/crttn2313.o
 *(.init9)
 *(.text)
 .text          0x000000d6        0x2 /usr/local/CrossPack-AVR-20120217/lib/gcc/avr/4.5.1/../../../../avr/lib/avr25/crttn2313.o
                0x000000d6                __vector_18
                0x000000d6                __bad_interrupt
                0x000000d6                __vector_6
                0x000000d6                __vector_3
                0x000000d6                __vector_11
                0x000000d6                __vector_13
                0x000000d6                __vector_17
                0x000000d6                __vector_7
                0x000000d6                __vector_5
                0x000000d6                __vector_9
                0x000000d6                __vector_15
                0x000000d6                __vector_8
                0x000000d6                __vector_14
                0x000000d6                __vector_10
                0x000000d6                __vector_16
                0x000000d6                __vector_12
 .text          0x000000d8      0x506 geiger.o
                0x000000d8                __vector_1
                0x00000130                __vector_2
                0x0000016e                __vector_4
                0x0000029a                uart_putchar
                0x000002b0                uart_putstring
                0x000002c8                uart_putstring_P
                0x000002e8                checkevent
                0x00000326                sendreport
                0x00000580                main
 .text          0x000005de        0x0 /usr/local/CrossPack-AVR-20120217/lib/gcc/avr/4.5.1/avr25/libgcc.a(_mulhi3.o)
 .text          0x000005de        0x0 /usr/local/CrossPack-AVR-20120217/lib/gcc/avr/4.5.1/avr25/libgcc.a(_mulsi3.o)
 .text          0x000005de        0x0 /usr/local/CrossPack-AVR-20120217/lib/gcc/avr/4.5.1/avr25/libgcc.a(_udivmodsi4.o)
 .text          0x000005de        0x0 /usr/local/CrossPack-AVR-20120217/lib/gcc/avr/4.5.1/avr25/libgcc.a(_exit.o)
 .text          0x000005de        0x0 /usr/local/CrossPack-AVR-20120217/lib/gcc/avr/4.5.1/avr25/libgcc.a(_copy_data.o)
 .text          0x000005de        0x0 /usr/local/CrossPack-AVR-20120217/lib/gcc/avr/4.5.1/avr25/libgcc.a(_clear_bss.o)
 .text          0x000005de       0x50 /usr/local/CrossPack-AVR-20120217/lib/gcc/avr/4.5.1/avr25/libgcc.a(_fixunssfsi.o)
                0x000005de                __fixunssfsi
 .text          0x0000062e      0x334 /usr/local/CrossPack-AVR-20120217/lib/gcc/avr/4.5.1/avr25/libgcc.a(_addsub_sf.o)
                0x000008be                __addsf3
                0x0000090c                __subsf3
 .text          0x00000962       0x56 /usr/local/CrossPack-AVR-20120217/lib/gcc/avr/4.5.1/avr25/libgcc.a(_ge_sf.o)
                0x00000962                __gesf2
 .text          0x000009b8       0x9e /usr/local/CrossPack-AVR-20120217/lib/gcc/avr/4.5.1/avr25/libgcc.a(_sf_to_si.o)
                0x000009b8                __fixsfsi
 .text          0x00000a56        0x0 /usr/local/CrossPack-AVR-20120217/lib/gcc/avr/4.5.1/avr25/libgcc.a(_thenan_sf.o)
 .text          0x00000a56        0x0 /usr/local/CrossPack-AVR-20120217/lib/gcc/avr/4.5.1/avr25/libgcc.a(_prologue.o)
 .text          0x00000a56        0x0 /usr/local/CrossPack-AVR-20120217/lib/gcc/avr/4.5.1/avr25/libgcc.a(_epilogue.o)
 .text          0x00000a56      0x198 /usr/local/CrossPack-AVR-20120217/lib/gcc/avr/4.5.1/avr25/libgcc.a(_pack_sf.o)
                0x00000a56                __pack_f
 .text          0x00000bee       0xd2 /usr/local/CrossPack-AVR-20120217/lib/gcc/avr/4.5.1/avr25/libgcc.a(_unpack_sf.o)
                0x00000bee                __unpack_f
 .text          0x00000cc0       0xb2 /usr/local/CrossPack-AVR-20120217/lib/gcc/avr/4.5.1/avr25/libgcc.a(_fpcmp_parts_sf.o)
                0x00000cc0                __fpcmp_parts_f
 .text          0x00000d72        0x0 /usr/local/CrossPack-AVR-20120217/lib/gcc/avr/4.5.1/../../../../avr/lib/avr25/libc.a(ultoa.o)
 .text          0x00000d72        0x0 /usr/local/CrossPack-AVR-20120217/lib/gcc/avr/4.5.1/../../../../avr/lib/avr25/libc.a(utoa.o)
 .text          0x00000d72        0x0 /usr/local/CrossPack-AVR-20120217/lib/gcc/avr/4.5.1/../../../../avr/lib/avr25/libc.a(strrev.o)
 .text          0x00000d72        0x0 /usr/local/CrossPack-AVR-20120217/lib/gcc/avr/4.5.1/avr25/libgcc.a(_udivmodhi4.o)
                0x00000d72                . = ALIGN (0x2)
 *(.text.*)
 .text.libgcc   0x00000d72       0x24 /usr/local/CrossPack-AVR-20120217/lib/gcc/avr/4.5.1/avr25/libgcc.a(_mulhi3.o)
                0x00000d72                __mulhi3
 .text.libgcc   0x00000d96       0x32 /usr/local/CrossPack-AVR-20120217/lib/gcc/avr/4.5.1/avr25/libgcc.a(_mulsi3.o)
                0x00000d96                __mulsi3
 .text.libgcc   0x00000dc8       0x44 /usr/local/CrossPack-AVR-20120217/lib/gcc/avr/4.5.1/avr25/libgcc.a(_udivmodsi4.o)
                0x00000dc8                __udivmodsi4
 .text.libgcc   0x00000e0c        0x0 /usr/local/CrossPack-AVR-20120217/lib/gcc/avr/4.5.1/avr25/libgcc.a(_exit.o)
 .text.libgcc   0x00000e0c        0x0 /usr/local/CrossPack-AVR-20120217/lib/gcc/avr/4.5.1/avr25/libgcc.a(_copy_data.o)
 .text.libgcc   0x00000e0c        0x0 /usr/local/CrossPack-AVR-20120217/lib/gcc/avr/4.5.1/avr25/libgcc.a(_clear_bss.o)
 .text.libgcc   0x00000e0c       0x38 /usr/local/CrossPack-AVR-20120217/lib/gcc/avr/4.5.1/avr25/libgcc.a(_prologue.o)
                0x00000e0c                __prologue_saves__
 .text.libgcc   0x00000e44       0x36 /usr/local/CrossPack-AVR-20120217/lib/gcc/avr/4.5.1/avr25/libgcc.a(_epilogue.o)
                0x00000e44                __epilogue_restores__
 .text.avr-libc
                0x00000e7a       0x46 /usr/local/CrossPack-AVR-20120217/lib/gcc/avr/4.5.1/../../../../avr/lib/avr25/libc.a(ultoa.o)
                0x00000e7a                ultoa
 .text.avr-libc
                0x00000ec0       0x28 /usr/local/CrossPack-AVR-20120217/lib/gcc/avr/4.5.1/../../../../avr/lib/avr25/libc.a(utoa.o)
                0x00000ec0                utoa
 .text.avr-libc
                0x00000ee8       0x20 /usr/local/CrossPack-AVR-20120217/lib/gcc/avr/4.5.1/../../../../avr/lib/avr25/libc.a(strrev.o)
                0x00000ee8                strrev
 .text.libgcc   0x00000f08       0x28 /usr/local/CrossPack-AVR-20120217/lib/gcc/avr/4.5.1/avr25/libgcc.a(_udivmodhi4.o)
                0x00000f08                __udivmodhi4
                0x00000f30                . = ALIGN (0x2)
 *(.fini9)
 .fini9         0x00000f30        0x0 /usr/local/CrossPack-AVR-20120217/lib/gcc/avr/4.5.1/avr25/libgcc.a(_exit.o)
                0x00000f30                exit
                0x00000f30                _exit
 *(.fini9)
 *(.fini8)
 *(.fini8)
 *(.fini7)
 *(.fini7)
 *(.fini6)
 *(.fini6)
 *(.fini5)
 *(.fini5)
 *(.fini4)
 *(.fini4)
 *(.fini3)
 *(.fini3)
 *(.fini2)
 *(.fini2)
 *(.fini1)
 *(.fini1)
 *(.fini0)
 .fini0         0x00000f30        0x4 /usr/local/CrossPack-AVR-20120217/lib/gcc/avr/4.5.1/avr25/libgcc.a(_exit.o)
 *(.fini0)
                0x00000f34                _etext = .

.data           0x00800060      0x1e4 load address 0x00000f34
                0x00800060                PROVIDE (__data_start, .)
 *(.data)
 .data          0x00800060        0x0 /usr/local/CrossPack-AVR-20120217/lib/gcc/avr/4.5.1/../../../../avr/lib/avr25/crttn2313.o
 .data          0x00800060      0x1dc geiger.o
 .data          0x0080023c        0x0 /usr/local/CrossPack-AVR-20120217/lib/gcc/avr/4.5.1/avr25/libgcc.a(_mulhi3.o)
 .data          0x0080023c        0x0 /usr/local/CrossPack-AVR-20120217/lib/gcc/avr/4.5.1/avr25/libgcc.a(_mulsi3.o)
 .data          0x0080023c        0x0 /usr/local/CrossPack-AVR-20120217/lib/gcc/avr/4.5.1/avr25/libgcc.a(_udivmodsi4.o)
 .data          0x0080023c        0x0 /usr/local/CrossPack-AVR-20120217/lib/gcc/avr/4.5.1/avr25/libgcc.a(_exit.o)
 .data          0x0080023c        0x0 /usr/local/CrossPack-AVR-20120217/lib/gcc/avr/4.5.1/avr25/libgcc.a(_copy_data.o)
 .data          0x0080023c        0x0 /usr/local/CrossPack-AVR-20120217/lib/gcc/avr/4.5.1/avr25/libgcc.a(_clear_bss.o)
 .data          0x0080023c        0x0 /usr/local/CrossPack-AVR-20120217/lib/gcc/avr/4.5.1/avr25/libgcc.a(_fixunssfsi.o)
 .data          0x0080023c        0x0 /usr/local/CrossPack-AVR-20120217/lib/gcc/avr/4.5.1/avr25/libgcc.a(_addsub_sf.o)
 .data          0x0080023c        0x0 /usr/local/CrossPack-AVR-20120217/lib/gcc/avr/4.5.1/avr25/libgcc.a(_ge_sf.o)
 .data          0x0080023c        0x0 /usr/local/CrossPack-AVR-20120217/lib/gcc/avr/4.5.1/avr25/libgcc.a(_sf_to_si.o)
 .data          0x0080023c        0x8 /usr/local/CrossPack-AVR-20120217/lib/gcc/avr/4.5.1/avr25/libgcc.a(_thenan_sf.o)
                0x0080023c                __thenan_sf
 .data          0x00800244        0x0 /usr/local/CrossPack-AVR-20120217/lib/gcc/avr/4.5.1/avr25/libgcc.a(_prologue.o)
 .data          0x00800244        0x0 /usr/local/CrossPack-AVR-20120217/lib/gcc/avr/4.5.1/avr25/libgcc.a(_epilogue.o)
 .data          0x00800244        0x0 /usr/local/CrossPack-AVR-20120217/lib/gcc/avr/4.5.1/avr25/libgcc.a(_pack_sf.o)
 .data          0x00800244        0x0 /usr/local/CrossPack-AVR-20120217/lib/gcc/avr/4.5.1/avr25/libgcc.a(_unpack_sf.o)
 .data          0x00800244        0x0 /usr/local/CrossPack-AVR-20120217/lib/gcc/avr/4.5.1/avr25/libgcc.a(_fpcmp_parts_sf.o)
 .data          0x00800244        0x0 /usr/local/CrossPack-AVR-20120217/lib/gcc/avr/4.5.1/../../../../avr/lib/avr25/libc.a(ultoa.o)
 .data          0x00800244        0x0 /usr/local/CrossPack-AVR-20120217/lib/gcc/avr/4.5.1/../../../../avr/lib/avr25/libc.a(utoa.o)
 .data          0x00800244        0x0 /usr/local/CrossPack-AVR-20120217/lib/gcc/avr/4.5.1/../../../../avr/lib/avr25/libc.a(strrev.o)
 .data          0x00800244        0x0 /usr/local/CrossPack-AVR-20120217/lib/gcc/avr/4.5.1/avr25/libgcc.a(_udivmodhi4.o)
 *(.data*)
 *(.rodata)
 *(.rodata*)
 *(.gnu.linkonce.d*)
                0x00800244                . = ALIGN (0x2)
                0x00800244                _edata = .
                0x00800244                PROVIDE (__data_end, .)

.bss            0x00800244       0x55
                0x00800244                PROVIDE (__bss_start, .)
 *(.bss)
 .bss           0x00800244        0x0 /usr/local/CrossPack-AVR-20120217/lib/gcc/avr/4.5.1/../../../../avr/lib/avr25/crttn2313.o
 .bss           0x00800244        0x0 geiger.o
 .bss           0x00800244        0x0 /usr/local/CrossPack-AVR-20120217/lib/gcc/avr/4.5.1/avr25/libgcc.a(_mulhi3.o)
 .bss           0x00800244        0x0 /usr/local/CrossPack-AVR-20120217/lib/gcc/avr/4.5.1/avr25/libgcc.a(_mulsi3.o)
 .bss           0x00800244        0x0 /usr/local/CrossPack-AVR-20120217/lib/gcc/avr/4.5.1/avr25/libgcc.a(_udivmodsi4.o)
 .bss           0x00800244        0x0 /usr/local/CrossPack-AVR-20120217/lib/gcc/avr/4.5.1/avr25/libgcc.a(_exit.o)
 .bss           0x00800244        0x0 /usr/local/CrossPack-AVR-20120217/lib/gcc/avr/4.5.1/avr25/libgcc.a(_copy_data.o)
 .bss           0x00800244        0x0 /usr/local/CrossPack-AVR-20120217/lib/gcc/avr/4.5.1/avr25/libgcc.a(_clear_bss.o)
 .bss           0x00800244        0x0 /usr/local/CrossPack-AVR-20120217/lib/gcc/avr/4.5.1/avr25/libgcc.a(_fixunssfsi.o)
 .bss           0x00800244        0x0 /usr/local/CrossPack-AVR-20120217/lib/gcc/avr/4.5.1/avr25/libgcc.a(_addsub_sf.o)
 .bss           0x00800244        0x0 /usr/local/CrossPack-AVR-20120217/lib/gcc/avr/4.5.1/avr25/libgcc.a(_ge_sf.o)
 .bss           0x00800244        0x0 /usr/local/CrossPack-AVR-20120217/lib/gcc/avr/4.5.1/avr25/libgcc.a(_sf_to_si.o)
 .bss           0x00800244        0x0 /usr/local/CrossPack-AVR-20120217/lib/gcc/avr/4.5.1/avr25/libgcc.a(_thenan_sf.o)
 .bss           0x00800244        0x0 /usr/local/CrossPack-AVR-20120217/lib/gcc/avr/4.5.1/avr25/libgcc.a(_prologue.o)
 .bss           0x00800244        0x0 /usr/local/CrossPack-AVR-20120217/lib/gcc/avr/4.5.1/avr25/libgcc.a(_epilogue.o)
 .bss           0x00800244        0x0 /usr/local/CrossPack-AVR-20120217/lib/gcc/avr/4.5.1/avr25/libgcc.a(_pack_sf.o)
 .bss           0x00800244        0x0 /usr/local/CrossPack-AVR-20120217/lib/gcc/avr/4.5.1/avr25/libgcc.a(_unpack_sf.o)
 .bss           0x00800244        0x0 /usr/local/CrossPack-AVR-20120217/lib/gcc/avr/4.5.1/avr25/libgcc.a(_fpcmp_parts_sf.o)
 .bss           0x00800244        0x0 /usr/local/CrossPack-AVR-20120217/lib/gcc/avr/4.5.1/../../../../avr/lib/avr25/libc.a(ultoa.o)
 .bss           0x00800244        0x0 /usr/local/CrossPack-AVR-20120217/lib/gcc/avr/4.5.1/../../../../avr/lib/avr25/libc.a(utoa.o)
 .bss           0x00800244        0x0 /usr/local/CrossPack-AVR-20120217/lib/gcc/avr/4.5.1/../../../../avr/lib/avr25/libc.a(strrev.o)
 .bss           0x00800244        0x0 /usr/local/CrossPack-AVR-20120217/lib/gcc/avr/4.5.1/avr25/libgcc.a(_udivmodhi4.o)
 *(.bss*)
 *(COMMON)
 COMMON         0x00800244       0x55 geiger.o
                0x00800244                serbuf
                0x0080024f                eventflag
                0x00800250                fastcpm
                0x00800252                overflow
                0x00800253                nobeep
                0x00800254                mode
                0x00800255                buffer
                0x00800291                idx
                0x00800292                tick
                0x00800293                count
                0x00800295                slowcpm
                0x00800297                cps
                0x00800299                PROVIDE (__bss_end, .)
                0x00000f34                __data_load_start = LOADADDR (.data)
                0x00001118                __data_load_end = (__data_load_start + SIZEOF (.data))

.noinit         0x00800299        0x0
                0x00800299                PROVIDE (__noinit_start, .)
 *(.noinit*)
                0x00800299                PROVIDE (__noinit_end, .)
                0x00800299                _end = .
                0x00800299                PROVIDE (__heap_start, .)

.eeprom         0x00810000        0x0
 *(.eeprom*)
                0x00810000                __eeprom_end = .

.fuse
 *(.fuse)
 *(.lfuse)
 *(.hfuse)
 *(.efuse)

.lock
 *(.lock*)

.signature
 *(.signature*)

.stab           0x00000000      0xa98
 *(.stab)
 .stab          0x00000000      0x6b4 /usr/local/CrossPack-AVR-20120217/lib/gcc/avr/4.5.1/../../../../avr/lib/avr25/crttn2313.o
 .stab          0x000006b4      0x1e0 /usr/local/CrossPack-AVR-20120217/lib/gcc/avr/4.5.1/../../../../avr/lib/avr25/libc.a(ultoa.o)
                                0x1ec (size before relaxing)
 .stab          0x00000894      0x12c /usr/local/CrossPack-AVR-20120217/lib/gcc/avr/4.5.1/../../../../avr/lib/avr25/libc.a(utoa.o)
                                0x138 (size before relaxing)
 .stab          0x000009c0       0xd8 /usr/local/CrossPack-AVR-20120217/lib/gcc/avr/4.5.1/../../../../avr/lib/avr25/libc.a(strrev.o)
                                 0xe4 (size before relaxing)

.stabstr        0x00000000      0x19c
 *(.stabstr)
 .stabstr       0x00000000      0x19c /usr/local/CrossPack-AVR-20120217/lib/gcc/avr/4.5.1/../../../../avr/lib/avr25/crttn2313.o

.stab.excl
 *(.stab.excl)

.stab.exclstr
 *(.stab.exclstr)

.stab.index
 *(.stab.index)

.stab.indexstr
 *(.stab.indexstr)

.comment
 *(.comment)

.debug
 *(.debug)

.line
 *(.line)

.debug_srcinfo
 *(.debug_srcinfo)

.debug_sfnames
 *(.debug_sfnames)

.debug_aranges  0x00000000      0x100
 *(.debug_aranges)
 .debug_aranges
                0x00000000       0x20 geiger.o
 .debug_aranges
                0x00000020       0x20 /usr/local/CrossPack-AVR-20120217/lib/gcc/avr/4.5.1/avr25/libgcc.a(_fixunssfsi.o)
 .debug_aranges
                0x00000040       0x20 /usr/local/CrossPack-AVR-20120217/lib/gcc/avr/4.5.1/avr25/libgcc.a(_addsub_sf.o)
 .debug_aranges
                0x00000060       0x20 /usr/local/CrossPack-AVR-20120217/lib/gcc/avr/4.5.1/avr25/libgcc.a(_ge_sf.o)
 .debug_aranges
                0x00000080       0x20 /usr/local/CrossPack-AVR-20120217/lib/gcc/avr/4.5.1/avr25/libgcc.a(_sf_to_si.o)
 .debug_aranges
                0x000000a0       0x20 /usr/local/CrossPack-AVR-20120217/lib/gcc/avr/4.5.1/avr25/libgcc.a(_pack_sf.o)
 .debug_aranges
                0x000000c0       0x20 /usr/local/CrossPack-AVR-20120217/lib/gcc/avr/4.5.1/avr25/libgcc.a(_unpack_sf.o)
 .debug_aranges
                0x000000e0       0x20 /usr/local/CrossPack-AVR-20120217/lib/gcc/avr/4.5.1/avr25/libgcc.a(_fpcmp_parts_sf.o)

.debug_pubnames
                0x00000000      0x234
 *(.debug_pubnames)
 .debug_pubnames
                0x00000000      0x11f geiger.o
 .debug_pubnames
                0x0000011f       0x23 /usr/local/CrossPack-AVR-20120217/lib/gcc/avr/4.5.1/avr25/libgcc.a(_fixunssfsi.o)
 .debug_pubnames
                0x00000142       0x2c /usr/local/CrossPack-AVR-20120217/lib/gcc/avr/4.5.1/avr25/libgcc.a(_addsub_sf.o)
 .debug_pubnames
                0x0000016e       0x1e /usr/local/CrossPack-AVR-20120217/lib/gcc/avr/4.5.1/avr25/libgcc.a(_ge_sf.o)
 .debug_pubnames
                0x0000018c       0x20 /usr/local/CrossPack-AVR-20120217/lib/gcc/avr/4.5.1/avr25/libgcc.a(_sf_to_si.o)
 .debug_pubnames
                0x000001ac       0x22 /usr/local/CrossPack-AVR-20120217/lib/gcc/avr/4.5.1/avr25/libgcc.a(_thenan_sf.o)
 .debug_pubnames
                0x000001ce       0x1f /usr/local/CrossPack-AVR-20120217/lib/gcc/avr/4.5.1/avr25/libgcc.a(_pack_sf.o)
 .debug_pubnames
                0x000001ed       0x21 /usr/local/CrossPack-AVR-20120217/lib/gcc/avr/4.5.1/avr25/libgcc.a(_unpack_sf.o)
 .debug_pubnames
                0x0000020e       0x26 /usr/local/CrossPack-AVR-20120217/lib/gcc/avr/4.5.1/avr25/libgcc.a(_fpcmp_parts_sf.o)

.debug_info     0x00000000     0x1b16
 *(.debug_info)
 .debug_info    0x00000000      0x855 geiger.o
 .debug_info    0x00000855       0xbd /usr/local/CrossPack-AVR-20120217/lib/gcc/avr/4.5.1/avr25/libgcc.a(_fixunssfsi.o)
 .debug_info    0x00000912      0x455 /usr/local/CrossPack-AVR-20120217/lib/gcc/avr/4.5.1/avr25/libgcc.a(_addsub_sf.o)
 .debug_info    0x00000d67      0x28a /usr/local/CrossPack-AVR-20120217/lib/gcc/avr/4.5.1/avr25/libgcc.a(_ge_sf.o)
 .debug_info    0x00000ff1      0x2a5 /usr/local/CrossPack-AVR-20120217/lib/gcc/avr/4.5.1/avr25/libgcc.a(_sf_to_si.o)
 .debug_info    0x00001296      0x15e /usr/local/CrossPack-AVR-20120217/lib/gcc/avr/4.5.1/avr25/libgcc.a(_thenan_sf.o)
 .debug_info    0x000013f4      0x2d5 /usr/local/CrossPack-AVR-20120217/lib/gcc/avr/4.5.1/avr25/libgcc.a(_pack_sf.o)
 .debug_info    0x000016c9      0x25c /usr/local/CrossPack-AVR-20120217/lib/gcc/avr/4.5.1/avr25/libgcc.a(_unpack_sf.o)
 .debug_info    0x00001925      0x1f1 /usr/local/CrossPack-AVR-20120217/lib/gcc/avr/4.5.1/avr25/libgcc.a(_fpcmp_parts_sf.o)
 *(.gnu.linkonce.wi.*)

.debug_abbrev   0x00000000      0xb82
 *(.debug_abbrev)
 .debug_abbrev  0x00000000      0x212 geiger.o
 .debug_abbrev  0x00000212       0x5d /usr/local/CrossPack-AVR-20120217/lib/gcc/avr/4.5.1/avr25/libgcc.a(_fixunssfsi.o)
 .debug_abbrev  0x0000026f      0x1af /usr/local/CrossPack-AVR-20120217/lib/gcc/avr/4.5.1/avr25/libgcc.a(_addsub_sf.o)
 .debug_abbrev  0x0000041e      0x151 /usr/local/CrossPack-AVR-20120217/lib/gcc/avr/4.5.1/avr25/libgcc.a(_ge_sf.o)
 .debug_abbrev  0x0000056f      0x160 /usr/local/CrossPack-AVR-20120217/lib/gcc/avr/4.5.1/avr25/libgcc.a(_sf_to_si.o)
 .debug_abbrev  0x000006cf       0xcb /usr/local/CrossPack-AVR-20120217/lib/gcc/avr/4.5.1/avr25/libgcc.a(_thenan_sf.o)
 .debug_abbrev  0x0000079a      0x192 /usr/local/CrossPack-AVR-20120217/lib/gcc/avr/4.5.1/avr25/libgcc.a(_pack_sf.o)
 .debug_abbrev  0x0000092c      0x14b /usr/local/CrossPack-AVR-20120217/lib/gcc/avr/4.5.1/avr25/libgcc.a(_unpack_sf.o)
 .debug_abbrev  0x00000a77      0x10b /usr/local/CrossPack-AVR-20120217/lib/gcc/avr/4.5.1/avr25/libgcc.a(_fpcmp_parts_sf.o)

.debug_line     0x00000000      0xfd8
 *(.debug_line)
 .debug_line    0x00000000      0x5a8 geiger.o
 .debug_line    0x000005a8       0x9d /usr/local/CrossPack-AVR-20120217/lib/gcc/avr/4.5.1/avr25/libgcc.a(_fixunssfsi.o)
 .debug_line    0x00000645      0x2c2 /usr/local/CrossPack-AVR-20120217/lib/gcc/avr/4.5.1/avr25/libgcc.a(_addsub_sf.o)
 .debug_line    0x00000907       0xd9 /usr/local/CrossPack-AVR-20120217/lib/gcc/avr/4.5.1/avr25/libgcc.a(_ge_sf.o)
 .debug_line    0x000009e0      0x113 /usr/local/CrossPack-AVR-20120217/lib/gcc/avr/4.5.1/avr25/libgcc.a(_sf_to_si.o)
 .debug_line    0x00000af3       0x86 /usr/local/CrossPack-AVR-20120217/lib/gcc/avr/4.5.1/avr25/libgcc.a(_thenan_sf.o)
 .debug_line    0x00000b79      0x1c9 /usr/local/CrossPack-AVR-20120217/lib/gcc/avr/4.5.1/avr25/libgcc.a(_pack_sf.o)
 .debug_line    0x00000d42      0x149 /usr/local/CrossPack-AVR-20120217/lib/gcc/avr/4.5.1/avr25/libgcc.a(_unpack_sf.o)
 .debug_line    0x00000e8b      0x14d /usr/local/CrossPack-AVR-20120217/lib/gcc/avr/4.5.1/avr25/libgcc.a(_fpcmp_parts_sf.o)

.debug_frame    0x00000000      0x1a0
 *(.debug_frame)
 .debug_frame   0x00000000       0xa0 geiger.o
 .debug_frame   0x000000a0       0x20 /usr/local/CrossPack-AVR-20120217/lib/gcc/avr/4.5.1/avr25/libgcc.a(_fixunssfsi.o)
 .debug_frame   0x000000c0       0x40 /usr/local/CrossPack-AVR-20120217/lib/gcc/avr/4.5.1/avr25/libgcc.a(_addsub_sf.o)
 .debug_frame   0x00000100       0x20 /usr/local/CrossPack-AVR-20120217/lib/gcc/avr/4.5.1/avr25/libgcc.a(_ge_sf.o)
 .debug_frame   0x00000120       0x20 /usr/local/CrossPack-AVR-20120217/lib/gcc/avr/4.5.1/avr25/libgcc.a(_sf_to_si.o)
 .debug_frame   0x00000140       0x20 /usr/local/CrossPack-AVR-20120217/lib/gcc/avr/4.5.1/avr25/libgcc.a(_pack_sf.o)
 .debug_frame   0x00000160       0x20 /usr/local/CrossPack-AVR-20120217/lib/gcc/avr/4.5.1/avr25/libgcc.a(_unpack_sf.o)
 .debug_frame   0x00000180       0x20 /usr/local/CrossPack-AVR-20120217/lib/gcc/avr/4.5.1/avr25/libgcc.a(_fpcmp_parts_sf.o)

.debug_str      0x00000000      0x51b
 *(.debug_str)
 .debug_str     0x00000000      0x2c5 geiger.o
                                0x352 (size before relaxing)
 .debug_str     0x000002c5       0xb7 /usr/local/CrossPack-AVR-20120217/lib/gcc/avr/4.5.1/avr25/libgcc.a(_fixunssfsi.o)
                                0x13c (size before relaxing)
 .debug_str     0x0000037c      0x155 /usr/local/CrossPack-AVR-20120217/lib/gcc/avr/4.5.1/avr25/libgcc.a(_addsub_sf.o)
                                0x24f (size before relaxing)
 .debug_str     0x000004d1        0xf /usr/local/CrossPack-AVR-20120217/lib/gcc/avr/4.5.1/avr25/libgcc.a(_ge_sf.o)
                                0x1d6 (size before relaxing)
 .debug_str     0x000004e0        0xa /usr/local/CrossPack-AVR-20120217/lib/gcc/avr/4.5.1/avr25/libgcc.a(_sf_to_si.o)
                                0x1df (size before relaxing)
 .debug_str     0x00000000      0x181 /usr/local/CrossPack-AVR-20120217/lib/gcc/avr/4.5.1/avr25/libgcc.a(_thenan_sf.o)
 .debug_str     0x000004ea       0x16 /usr/local/CrossPack-AVR-20120217/lib/gcc/avr/4.5.1/avr25/libgcc.a(_pack_sf.o)
                                0x1de (size before relaxing)
 .debug_str     0x00000500        0xb /usr/local/CrossPack-AVR-20120217/lib/gcc/avr/4.5.1/avr25/libgcc.a(_unpack_sf.o)
                                0x1c0 (size before relaxing)
 .debug_str     0x0000050b       0x10 /usr/local/CrossPack-AVR-20120217/lib/gcc/avr/4.5.1/avr25/libgcc.a(_fpcmp_parts_sf.o)
                                0x1a4 (size before relaxing)

.debug_loc      0x00000000      0x9af
 *(.debug_loc)
 .debug_loc     0x00000000      0x289 geiger.o
 .debug_loc     0x00000289       0x34 /usr/local/CrossPack-AVR-20120217/lib/gcc/avr/4.5.1/avr25/libgcc.a(_fixunssfsi.o)
 .debug_loc     0x000002bd      0x31d /usr/local/CrossPack-AVR-20120217/lib/gcc/avr/4.5.1/avr25/libgcc.a(_addsub_sf.o)
 .debug_loc     0x000005da       0x48 /usr/local/CrossPack-AVR-20120217/lib/gcc/avr/4.5.1/avr25/libgcc.a(_ge_sf.o)
 .debug_loc     0x00000622       0x56 /usr/local/CrossPack-AVR-20120217/lib/gcc/avr/4.5.1/avr25/libgcc.a(_sf_to_si.o)
 .debug_loc     0x00000678      0x1d6 /usr/local/CrossPack-AVR-20120217/lib/gcc/avr/4.5.1/avr25/libgcc.a(_pack_sf.o)
 .debug_loc     0x0000084e      0x111 /usr/local/CrossPack-AVR-20120217/lib/gcc/avr/4.5.1/avr25/libgcc.a(_unpack_sf.o)
 .debug_loc     0x0000095f       0x50 /usr/local/CrossPack-AVR-20120217/lib/gcc/avr/4.5.1/avr25/libgcc.a(_fpcmp_parts_sf.o)

.debug_macinfo
 *(.debug_macinfo)
OUTPUT(geiger.elf elf32-avr)
LOAD linker stubs

.debug_pubtypes
                0x00000000      0x4ac
 .debug_pubtypes
                0x00000000       0xf7 geiger.o
 .debug_pubtypes
                0x000000f7       0x34 /usr/local/CrossPack-AVR-20120217/lib/gcc/avr/4.5.1/avr25/libgcc.a(_fixunssfsi.o)
 .debug_pubtypes
                0x0000012b       0x9d /usr/local/CrossPack-AVR-20120217/lib/gcc/avr/4.5.1/avr25/libgcc.a(_addsub_sf.o)
 .debug_pubtypes
                0x000001c8       0x91 /usr/local/CrossPack-AVR-20120217/lib/gcc/avr/4.5.1/avr25/libgcc.a(_ge_sf.o)
 .debug_pubtypes
                0x00000259       0x91 /usr/local/CrossPack-AVR-20120217/lib/gcc/avr/4.5.1/avr25/libgcc.a(_sf_to_si.o)
 .debug_pubtypes
                0x000002ea       0x5b /usr/local/CrossPack-AVR-20120217/lib/gcc/avr/4.5.1/avr25/libgcc.a(_thenan_sf.o)
 .debug_pubtypes
                0x00000345       0x86 /usr/local/CrossPack-AVR-20120217/lib/gcc/avr/4.5.1/avr25/libgcc.a(_pack_sf.o)
 .debug_pubtypes
                0x000003cb       0x86 /usr/local/CrossPack-AVR-20120217/lib/gcc/avr/4.5.1/avr25/libgcc.a(_unpack_sf.o)
 .debug_pubtypes
                0x00000451       0x5b /usr/local/CrossPack-AVR-20120217/lib/gcc/avr/4.5.1/avr25/libgcc.a(_fpcmp_parts_sf.o)

Cross Reference Table

Symbol                                            File
__addsf3                                          /usr/local/CrossPack-AVR-20120217/lib/gcc/avr/4.5.1/avr25/libgcc.a(_addsub_sf.o)
__bad_interrupt                                   /usr/local/CrossPack-AVR-20120217/lib/gcc/avr/4.5.1/../../../../avr/lib/avr25/crttn2313.o
__bss_end                                         /usr/local/CrossPack-AVR-20120217/lib/gcc/avr/4.5.1/avr25/libgcc.a(_clear_bss.o)
__bss_start                                       /usr/local/CrossPack-AVR-20120217/lib/gcc/avr/4.5.1/avr25/libgcc.a(_clear_bss.o)
__data_end                                        /usr/local/CrossPack-AVR-20120217/lib/gcc/avr/4.5.1/avr25/libgcc.a(_copy_data.o)
__data_load_start                                 /usr/local/CrossPack-AVR-20120217/lib/gcc/avr/4.5.1/avr25/libgcc.a(_copy_data.o)
__data_start                                      /usr/local/CrossPack-AVR-20120217/lib/gcc/avr/4.5.1/avr25/libgcc.a(_copy_data.o)
__do_clear_bss                                    /usr/local/CrossPack-AVR-20120217/lib/gcc/avr/4.5.1/avr25/libgcc.a(_clear_bss.o)
                                                  geiger.o
__do_copy_data                                    /usr/local/CrossPack-AVR-20120217/lib/gcc/avr/4.5.1/avr25/libgcc.a(_copy_data.o)
                                                  /usr/local/CrossPack-AVR-20120217/lib/gcc/avr/4.5.1/avr25/libgcc.a(_thenan_sf.o)
                                                  geiger.o
__epilogue_restores__                             /usr/local/CrossPack-AVR-20120217/lib/gcc/avr/4.5.1/avr25/libgcc.a(_epilogue.o)
                                                  /usr/local/CrossPack-AVR-20120217/lib/gcc/avr/4.5.1/avr25/libgcc.a(_pack_sf.o)
                                                  /usr/local/CrossPack-AVR-20120217/lib/gcc/avr/4.5.1/avr25/libgcc.a(_sf_to_si.o)
                                                  /usr/local/CrossPack-AVR-20120217/lib/gcc/avr/4.5.1/avr25/libgcc.a(_ge_sf.o)
                                                  /usr/local/CrossPack-AVR-20120217/lib/gcc/avr/4.5.1/avr25/libgcc.a(_addsub_sf.o)
__fixsfsi                                         /usr/local/CrossPack-AVR-20120217/lib/gcc/avr/4.5.1/avr25/libgcc.a(_sf_to_si.o)
                                                  /usr/local/CrossPack-AVR-20120217/lib/gcc/avr/4.5.1/avr25/libgcc.a(_fixunssfsi.o)
__fixunssfsi                                      /usr/local/CrossPack-AVR-20120217/lib/gcc/avr/4.5.1/avr25/libgcc.a(_fixunssfsi.o)
                                                  geiger.o
__fpcmp_parts_f                                   /usr/local/CrossPack-AVR-20120217/lib/gcc/avr/4.5.1/avr25/libgcc.a(_fpcmp_parts_sf.o)
                                                  /usr/local/CrossPack-AVR-20120217/lib/gcc/avr/4.5.1/avr25/libgcc.a(_ge_sf.o)
__gesf2                                           /usr/local/CrossPack-AVR-20120217/lib/gcc/avr/4.5.1/avr25/libgcc.a(_ge_sf.o)
                                                  /usr/local/CrossPack-AVR-20120217/lib/gcc/avr/4.5.1/avr25/libgcc.a(_fixunssfsi.o)
__heap_end                                        /usr/local/CrossPack-AVR-20120217/lib/gcc/avr/4.5.1/../../../../avr/lib/avr25/crttn2313.o
__init                                            /usr/local/CrossPack-AVR-20120217/lib/gcc/avr/4.5.1/../../../../avr/lib/avr25/crttn2313.o
__mulhi3                                          /usr/local/CrossPack-AVR-20120217/lib/gcc/avr/4.5.1/avr25/libgcc.a(_mulhi3.o)
                                                  geiger.o
__mulsi3                                          /usr/local/CrossPack-AVR-20120217/lib/gcc/avr/4.5.1/avr25/libgcc.a(_mulsi3.o)
                                                  geiger.o
__pack_f                                          /usr/local/CrossPack-AVR-20120217/lib/gcc/avr/4.5.1/avr25/libgcc.a(_pack_sf.o)
                                                  /usr/local/CrossPack-AVR-20120217/lib/gcc/avr/4.5.1/avr25/libgcc.a(_addsub_sf.o)
__prologue_saves__                                /usr/local/CrossPack-AVR-20120217/lib/gcc/avr/4.5.1/avr25/libgcc.a(_prologue.o)
                                                  /usr/local/CrossPack-AVR-20120217/lib/gcc/avr/4.5.1/avr25/libgcc.a(_sf_to_si.o)
                                                  /usr/local/CrossPack-AVR-20120217/lib/gcc/avr/4.5.1/avr25/libgcc.a(_ge_sf.o)
                                                  /usr/local/CrossPack-AVR-20120217/lib/gcc/avr/4.5.1/avr25/libgcc.a(_addsub_sf.o)
__stack                                           /usr/local/CrossPack-AVR-20120217/lib/gcc/avr/4.5.1/../../../../avr/lib/avr25/crttn2313.o
__subsf3                                          /usr/local/CrossPack-AVR-20120217/lib/gcc/avr/4.5.1/avr25/libgcc.a(_addsub_sf.o)
                                                  /usr/local/CrossPack-AVR-20120217/lib/gcc/avr/4.5.1/avr25/libgcc.a(_fixunssfsi.o)
__thenan_sf                                       /usr/local/CrossPack-AVR-20120217/lib/gcc/avr/4.5.1/avr25/libgcc.a(_thenan_sf.o)
                                                  /usr/local/CrossPack-AVR-20120217/lib/gcc/avr/4.5.1/avr25/libgcc.a(_addsub_sf.o)
__udivmodhi4                                      /usr/local/CrossPack-AVR-20120217/lib/gcc/avr/4.5.1/avr25/libgcc.a(_udivmodhi4.o)
                                                  /usr/local/CrossPack-AVR-20120217/lib/gcc/avr/4.5.1/../../../../avr/lib/avr25/libc.a(utoa.o)
__udivmodsi4                                      /usr/local/CrossPack-AVR-20120217/lib/gcc/avr/4.5.1/avr25/libgcc.a(_udivmodsi4.o)
                                                  /usr/local/CrossPack-AVR-20120217/lib/gcc/avr/4.5.1/../../../../avr/lib/avr25/libc.a(ultoa.o)
                                                  geiger.o
__unpack_f                                        /usr/local/CrossPack-AVR-20120217/lib/gcc/avr/4.5.1/avr25/libgcc.a(_unpack_sf.o)
                                                  /usr/local/CrossPack-AVR-20120217/lib/gcc/avr/4.5.1/avr25/libgcc.a(_sf_to_si.o)
                                                  /usr/local/CrossPack-AVR-20120217/lib/gcc/avr/4.5.1/avr25/libgcc.a(_ge_sf.o)
                                                  /usr/local/CrossPack-AVR-20120217/lib/gcc/avr/4.5.1/avr25/libgcc.a(_addsub_sf.o)
__vector_1                                        geiger.o
                                                  /usr/local/CrossPack-AVR-20120217/lib/gcc/avr/4.5.1/../../../../avr/lib/avr25/crttn2313.o
__vector_10                                       /usr/local/CrossPack-AVR-20120217/lib/gcc/avr/4.5.1/../../../../avr/lib/avr25/crttn2313.o
__vector_11                                       /usr/local/CrossPack-AVR-20120217/lib/gcc/avr/4.5.1/../../../../avr/lib/avr25/crttn2313.o
__vector_12                                       /usr/local/CrossPack-AVR-20120217/lib/gcc/avr/4.5.1/../../../../avr/lib/avr25/crttn2313.o
__vector_13                                       /usr/local/CrossPack-AVR-20120217/lib/gcc/avr/4.5.1/../../../../avr/lib/avr25/crttn2313.o
__vector_14                                       /usr/local/CrossPack-AVR-20120217/lib/gcc/avr/4.5.1/../../../../avr/lib/avr25/crttn2313.o
__vector_15                                       /usr/local/CrossPack-AVR-20120217/lib/gcc/avr/4.5.1/../../../../avr/lib/avr25/crttn2313.o
__vector_16                                       /usr/local/CrossPack-AVR-20120217/lib/gcc/avr/4.5.1/../../../../avr/lib/avr25/crttn2313.o
__vector_17                                       /usr/local/CrossPack-AVR-20120217/lib/gcc/avr/4.5.1/../../../../avr/lib/avr25/crttn2313.o
__vector_18                                       /usr/local/CrossPack-AVR-20120217/lib/gcc/avr/4.5.1/../../../../avr/lib/avr25/crttn2313.o
__vector_2                                        geiger.o
                                                  /usr/local/CrossPack-AVR-20120217/lib/gcc/avr/4.5.1/../../../../avr/lib/avr25/crttn2313.o
__vector_3                                        /usr/local/CrossPack-AVR-20120217/lib/gcc/avr/4.5.1/../../../../avr/lib/avr25/crttn2313.o
__vector_4                                        geiger.o
                                                  /usr/local/CrossPack-AVR-20120217/lib/gcc/avr/4.5.1/../../../../avr/lib/avr25/crttn2313.o
__vector_5                                        /usr/local/CrossPack-AVR-20120217/lib/gcc/avr/4.5.1/../../../../avr/lib/avr25/crttn2313.o
__vector_6                                        /usr/local/CrossPack-AVR-20120217/lib/gcc/avr/4.5.1/../../../../avr/lib/avr25/crttn2313.o
__vector_7                                        /usr/local/CrossPack-AVR-20120217/lib/gcc/avr/4.5.1/../../../../avr/lib/avr25/crttn2313.o
__vector_8                                        /usr/local/CrossPack-AVR-20120217/lib/gcc/avr/4.5.1/../../../../avr/lib/avr25/crttn2313.o
__vector_9                                        /usr/local/CrossPack-AVR-20120217/lib/gcc/avr/4.5.1/../../../../avr/lib/avr25/crttn2313.o
__vector_default                                  /usr/local/CrossPack-AVR-20120217/lib/gcc/avr/4.5.1/../../../../avr/lib/avr25/crttn2313.o
__vectors                                         /usr/local/CrossPack-AVR-20120217/lib/gcc/avr/4.5.1/../../../../avr/lib/avr25/crttn2313.o
_exit                                             /usr/local/CrossPack-AVR-20120217/lib/gcc/avr/4.5.1/avr25/libgcc.a(_exit.o)
buffer                                            geiger.o
checkevent                                        geiger.o
count                                             geiger.o
cps                                               geiger.o
eventflag                                         geiger.o
exit                                              /usr/local/CrossPack-AVR-20120217/lib/gcc/avr/4.5.1/avr25/libgcc.a(_exit.o)
                                                  /usr/local/CrossPack-AVR-20120217/lib/gcc/avr/4.5.1/../../../../avr/lib/avr25/crttn2313.o
fastcpm                                           geiger.o
idx                                               geiger.o
main                                              geiger.o
                                                  /usr/local/CrossPack-AVR-20120217/lib/gcc/avr/4.5.1/../../../../avr/lib/avr25/crttn2313.o
mode                                              geiger.o
nmea_info2pos                                     geiger.o
nmea_parse                                        geiger.o
nmea_parser_destroy                               geiger.o
nmea_parser_init                                  geiger.o
nmea_zero_INFO                                    geiger.o
nobeep                                            geiger.o
overflow                                          geiger.o
sendreport                                        geiger.o
serbuf                                            geiger.o
slowcpm                                           geiger.o
strrev                                            /usr/local/CrossPack-AVR-20120217/lib/gcc/avr/4.5.1/../../../../avr/lib/avr25/libc.a(strrev.o)
                                                  /usr/local/CrossPack-AVR-20120217/lib/gcc/avr/4.5.1/../../../../avr/lib/avr25/libc.a(utoa.o)
                                                  /usr/local/CrossPack-AVR-20120217/lib/gcc/avr/4.5.1/../../../../avr/lib/avr25/libc.a(ultoa.o)
tick                                              geiger.o
uart_putchar                                      geiger.o
uart_putstring                                    geiger.o
uart_putstring_P                                  geiger.o
ultoa                                             /usr/local/CrossPack-AVR-20120217/lib/gcc/avr/4.5.1/../../../../avr/lib/avr25/libc.a(ultoa.o)
                                                  geiger.o
utoa                                              /usr/local/CrossPack-AVR-20120217/lib/gcc/avr/4.5.1/../../../../avr/lib/avr25/libc.a(utoa.o)
                                                  geiger.o
